SH SERIES C/C++ Compiler (Ver. 6.0C)                                                                 03-Apr-2015 21:45:50  PAGE    1

************ OBJECT LISTING ************

FILE NAME: F:\0.ø™∑¢\2015-03-06–ﬁ∏ƒ…Ë÷√—°œÓ\2015-03-06–ﬁ∏ƒ…Ë÷√—°œÓ\BinFile.c

SCT OFFSET   CODE       C LABEL     INSTRUCTION OPERAND    COMMENT

       BinFile.c     1    #include "headfile.h"








P   00000000              _CharToFonts:                    ; function: CharToFonts
                                                           ; frame size=12
    00000000 2FE6                   MOV.L       R14,@-R15
    00000002 2FD6                   MOV.L       R13,@-R15
    00000004 4F22                   STS.L       PR,@-R15
    00000006 6D43                   MOV         R4,R13
    00000008 D347                   MOV.L       L644+10,R3 ; _strlen
    0000000A 430B                   JSR         @R3
    0000000C 6E53                   MOV         R5,R14
    0000000E 6503                   MOV         R0,R5
    00000010 E600                   MOV         #0,R6
    00000012 4515                   CMP/PL      R5
    00000014 8F09                   BF/S        L589
    00000016 6463                   MOV         R6,R4
    00000018              L590:                             
    00000018 6343                   MOV         R4,R3
    0000001A 4300                   SHLL        R3
    0000001C 33EC                   ADD         R14,R3
    0000001E 6043                   MOV         R4,R0
    00000020 02DC                   MOV.B       @(R0,R13),R2
    00000022 7401                   ADD         #1,R4
    00000024 2321                   MOV.W       R2,@R3
    00000026 3453                   CMP/GE      R5,R4
    00000028 8BF6                   BF          L590
    0000002A              L589:                             
    0000002A 6043                   MOV         R4,R0
    0000002C 4000                   SHLL        R0
    0000002E 0E65                   MOV.W       R6,@(R0,R14)
    00000030 4F26                   LDS.L       @R15+,PR
    00000032 60E3                   MOV         R14,R0
    00000034 6DF6                   MOV.L       @R15+,R13
    00000036 000B                   RTS
    00000038 6EF6                   MOV.L       @R15+,R14
    0000003A              _FontToChars:                    ; function: FontToChars
                                                           ; frame size=0
    0000003A A001                   BRA         L592
    0000003C E000                   MOV         #0,R0
    0000003E              L593:                             
    0000003E 7001                   ADD         #1,R0
    00000040              L592:                             
    00000040 6203                   MOV         R0,R2
    00000042 325C                   ADD         R5,R2
    00000044 6303                   MOV         R0,R3
    00000046 4300                   SHLL        R3
    00000048 334C                   ADD         R4,R3
    0000004A E101                   MOV         #1,R1
    0000004C 313C                   ADD         R3,R1
    0000004E 6310                   MOV.B       @R1,R3
    00000050 2230                   MOV.B       R3,@R2
    00000052 2338                   TST         R3,R3
    00000054 8BF3                   BF          L593
    00000056 000B                   RTS
    00000058 6053                   MOV         R5,R0





SH SERIES C/C++ Compiler (Ver. 6.0C)                                                                 03-Apr-2015 21:45:50  PAGE    2


SCT OFFSET   CODE       C LABEL     INSTRUCTION OPERAND    COMMENT

    0000005A              _CreateDirectorys:               ; function: CreateDirectorys
                                                           ; frame size=44
    0000005A 4F22                   STS.L       PR,@-R15
    0000005C D433                   MOV.L       L644+14,R4 ; L507
    0000005E 7FD8                   ADD         #-40,R15
    00000060 BFCE                   BSR         _CharToFonts
    00000062 65F3                   MOV         R15,R5
    00000064 D232                   MOV.L       L644+18,R2 ; _Bfile_CreateDirectory
    00000066 420B                   JSR         @R2
    00000068 6403                   MOV         R0,R4
    0000006A 7F28                   ADD         #40,R15
    0000006C 4F26                   LDS.L       @R15+,PR
    0000006E 000B                   RTS
    00000070 0009                   NOP
    00000072              _SelectFiles:                    ; function: SelectFiles
                                                           ; frame size=336
                                                           ; used runtime library name:
                                                           ; __slow_strcpy, __slow_strcmp1
    00000072 2FE6                   MOV.L       R14,@-R15
    00000074 2FD6                   MOV.L       R13,@-R15
    00000076 2FC6                   MOV.L       R12,@-R15
    00000078 2FB6                   MOV.L       R11,@-R15
    0000007A 2FA6                   MOV.L       R10,@-R15
    0000007C 2F96                   MOV.L       R9,@-R15
    0000007E EA00                   MOV         #0,R10
    00000080 D32C                   MOV.L       L644+22,R3 ; _szSrdDir
    00000082 2F86                   MOV.L       R8,@-R15
    00000084 4F22                   STS.L       PR,@-R15
    00000086 4F12                   STS.L       MACL,@-R15
    00000088 9049                   MOV.W       L644,R0    ; H'FEDC
    0000008A 3F0C                   ADD         R0,R15
    0000008C 1F44                   MOV.L       R4,@(16,R15)
    0000008E 1FA3                   MOV.L       R10,@(12,R15)
    00000090 2F36                   MOV.L       R3,@-R15
    00000092 D229                   MOV.L       L644+26,R2 ; L524
    00000094 9444                   MOV.W       L644+2,R4  ; H'00F8
    00000096 2F26                   MOV.L       R2,@-R15
    00000098 D128                   MOV.L       L644+30,R1 ; _sprintf
    0000009A 410B                   JSR         @R1
    0000009C 34FC                   ADD         R15,R4
    0000009E 7F08                   ADD         #8,R15
    000000A0 953F                   MOV.W       L644+4,R5  ; H'008C
    000000A2 35FC                   ADD         R15,R5
    000000A4 943E                   MOV.W       L644+6,R4  ; H'00F0
    000000A6 BFAB                   BSR         _CharToFonts
    000000A8 34FC                   ADD         R15,R4
    000000AA 6DF3                   MOV         R15,R13
    000000AC 9439                   MOV.W       L644+4,R4  ; H'008C
    000000AE 67F3                   MOV         R15,R7
    000000B0 D223                   MOV.L       L644+34,R2 ; _Bfile_FindFirst
    000000B2 65F3                   MOV         R15,R5
    000000B4 7D28                   ADD         #40,R13
    000000B6 7714                   ADD         #20,R7
    000000B8 66D3                   MOV         R13,R6
    000000BA 7508                   ADD         #8,R5
    000000BC 420B                   JSR         @R2
    000000BE 34FC                   ADD         R15,R4




SH SERIES C/C++ Compiler (Ver. 6.0C)                                                                 03-Apr-2015 21:45:50  PAGE    3


SCT OFFSET   CODE       C LABEL     INSTRUCTION OPERAND    COMMENT

    000000C0 2008                   TST         R0,R0
    000000C2 8901                   BT          L645
    000000C4 A10F                   BRA         L595
    000000C6 0009                   NOP
    000000C8              L645:                             
    000000C8 DB1E                   MOV.L       L644+38,R11; _Bfile_FindNext
    000000CA 6CA3                   MOV         R10,R12
    000000CC E801                   MOV         #1,R8
    000000CE 2F80                   MOV.B       R8,@R15
    000000D0 53F3                   MOV.L       @(12,R15),R3
    000000D2 7301                   ADD         #1,R3
    000000D4 A003                   BRA         L596
    000000D6 1F33                   MOV.L       R3,@(12,R15)
    000000D8              L597:                             
    000000D8 53F3                   MOV.L       @(12,R15),R3
    000000DA 7301                   ADD         #1,R3
    000000DC 1F33                   MOV.L       R3,@(12,R15)
    000000DE              L596:                             
    000000DE 66F3                   MOV         R15,R6
    000000E0 7614                   ADD         #20,R6
    000000E2 65D3                   MOV         R13,R5
    000000E4 4B0B                   JSR         @R11
    000000E6 54F2                   MOV.L       @(8,R15),R4
    000000E8 2008                   TST         R0,R0
    000000EA 89F5                   BT          L597
    000000EC D316                   MOV.L       L644+42,R3 ; _Bfile_FindClose
    000000EE 430B                   JSR         @R3
    000000F0 54F2                   MOV.L       @(8,R15),R4
    000000F2 E30D                   MOV         #13,R3
    000000F4 52F3                   MOV.L       @(12,R15),R2
    000000F6 0237                   MUL.L       R3,R2
    000000F8 D114                   MOV.L       L644+46,R1 ; _malloc
    000000FA 410B                   JSR         @R1
    000000FC 041A                   STS         MACL,R4
    000000FE 6903                   MOV         R0,R9
    00000100 6EA3                   MOV         R10,R14
    00000102              L599:                             
    00000102 62F0                   MOV.B       @R15,R2
    00000104 2228                   TST         R2,R2
    00000106 8923                   BT          L600
    00000108 940B                   MOV.W       L644+4,R4  ; H'008C
    0000010A 67F3                   MOV         R15,R7
    0000010C D30C                   MOV.L       L644+34,R3 ; _Bfile_FindFirst
    0000010E 66D3                   MOV         R13,R6
    00000110 7714                   ADD         #20,R7
    00000112 65F3                   MOV         R15,R5
    00000114 7508                   ADD         #8,R5
    00000116 430B                   JSR         @R3
    00000118 34FC                   ADD         R15,R4
    0000011A A01E                   BRA         L643
    0000011C 0009                   NOP
    0000011E              L644:                             
    0000011E FEDC                   .DATA.W     H'FEDC
    00000120 00F8                   .DATA.W     H'00F8
    00000122 008C                   .DATA.W     H'008C
    00000124 00F0                   .DATA.W     H'00F0
    00000126 0000                   .DATA.W     0




SH SERIES C/C++ Compiler (Ver. 6.0C)                                                                 03-Apr-2015 21:45:50  PAGE    4


SCT OFFSET   CODE       C LABEL     INSTRUCTION OPERAND    COMMENT

    00000128 <00000000>             .DATA.L     _strlen
    0000012C <00000000>             .DATA.L     L507
    00000130 <00000000>             .DATA.L     _Bfile_CreateDirectory
    00000134 <00000000>             .DATA.L     _szSrdDir
    00000138 <00000000>             .DATA.L     L524
    0000013C <00000000>             .DATA.L     _sprintf
    00000140 <00000000>             .DATA.L     _Bfile_FindFirst
    00000144 <00000000>             .DATA.L     _Bfile_FindNext
    00000148 <00000000>             .DATA.L     _Bfile_FindClose
    0000014C <00000000>             .DATA.L     _malloc
    00000150              L600:                             
    00000150 66F3                   MOV         R15,R6
    00000152 7614                   ADD         #20,R6
    00000154 65D3                   MOV         R13,R5
    00000156 4B0B                   JSR         @R11
    00000158 54F2                   MOV.L       @(8,R15),R4
    0000015A              L643:                             
    0000015A 6403                   MOV         R0,R4
    0000015C 2448                   TST         R4,R4
    0000015E 8B18                   BF          L603
    00000160 956D                   MOV.W       L646,R5    ; H'00F0
    00000162 35FC                   ADD         R15,R5
    00000164 BF69                   BSR         _FontToChars
    00000166 64D3                   MOV         R13,R4
    00000168 D335                   MOV.L       L646+2,R3  ; _strncpy
    0000016A 6503                   MOV         R0,R5
    0000016C E40D                   MOV         #13,R4
    0000016E 0C47                   MUL.L       R4,R12
    00000170 041A                   STS         MACL,R4
    00000172 349C                   ADD         R9,R4
    00000174 430B                   JSR         @R3
    00000176 E60D                   MOV         #13,R6
    00000178 D532                   MOV.L       L646+6,R5  ; H'00000004+_setup_data
    0000017A E40D                   MOV         #13,R4
    0000017C D332                   MOV.L       L646+10,R3 ; __slow_strcmp1
    0000017E 0C47                   MUL.L       R4,R12
    00000180 041A                   STS         MACL,R4
    00000182 430B                   JSR         @R3
    00000184 349C                   ADD         R9,R4
    00000186 2008                   TST         R0,R0
    00000188 8B00                   BF          L604
    0000018A 6EC3                   MOV         R12,R14
    0000018C              L604:                             
    0000018C 7C01                   ADD         #1,R12
    0000018E AFB8                   BRA         L599
    00000190 2FA0                   MOV.B       R10,@R15
    00000192              L603:                             
    00000192 D32E                   MOV.L       L646+14,R3 ; _Bfile_FindClose
    00000194 430B                   JSR         @R3
    00000196 54F2                   MOV.L       @(8,R15),R4
    00000198 52F3                   MOV.L       @(12,R15),R2

    0000019A 6B83                   MOV         R8,R11
    0000019C 6CA3                   MOV         R10,R12
    0000019E ED04                   MOV         #4,R13
    000001A0 72FF                   ADD         #-1,R2
    000001A2 6423                   MOV         R2,R4
    000001A4 2F42                   MOV.L       R4,@R15




SH SERIES C/C++ Compiler (Ver. 6.0C)                                                                 03-Apr-2015 21:45:50  PAGE    5


SCT OFFSET   CODE       C LABEL     INSTRUCTION OPERAND    COMMENT

    000001A6              L606:                             

    000001A6 2BB8                   TST         R11,R11
    000001A8 896A                   BT          L607
    000001AA D329                   MOV.L       L646+18,R3 ; _Bdisp_AllClr_VRAM
    000001AC 430B                   JSR         @R3
    000001AE 0009                   NOP

    000001B0 D628                   MOV.L       L646+22,R6 ; L532
    000001B2 E508                   MOV         #8,R5
    000001B4 D228                   MOV.L       L646+26,R2 ; _DispStr
    000001B6 420B                   JSR         @R2
    000001B8 E414                   MOV         #20,R4
    000001BA 63D3                   MOV         R13,R3
    000001BC 33C8                   SUB         R12,R3
    000001BE E203                   MOV         #3,R2
    000001C0 3327                   CMP/GT      R2,R3
    000001C2 8B01                   BF          L608
    000001C4 6DC3                   MOV         R12,R13
    000001C6 7D03                   ADD         #3,R13
    000001C8              L608:                             
    000001C8 3CE7                   CMP/GT      R14,R12
    000001CA 8B02                   BF          L609
    000001CC 6CE3                   MOV         R14,R12
    000001CE 6DE3                   MOV         R14,R13
    000001D0 7D03                   ADD         #3,R13
    000001D2              L609:                             
    000001D2 3ED7                   CMP/GT      R13,R14
    000001D4 8B02                   BF          L610
    000001D6 6DE3                   MOV         R14,R13
    000001D8 6CE3                   MOV         R14,R12
    000001DA 7CFD                   ADD         #-3,R12
    000001DC              L610:                             
    000001DC 62F2                   MOV.L       @R15,R2
    000001DE 3D27                   CMP/GT      R2,R13
    000001E0 8B00                   BF          L611
    000001E2 6DF2                   MOV.L       @R15,R13
    000001E4              L611:                             
    000001E4 4C11                   CMP/PZ      R12
    000001E6 8900                   BT          L612
    000001E8 6CA3                   MOV         R10,R12
    000001EA              L612:                             
    000001EA 6BC3                   MOV         R12,R11
    000001EC 3BD7                   CMP/GT      R13,R11
    000001EE 8914                   BT          L613
    000001F0              L614:                             
    000001F0 D21A                   MOV.L       L646+30,R2 ; L536
    000001F2 3EB0                   CMP/EQ      R11,R14
    000001F4 E30D                   MOV         #13,R3
    000001F6 0629                   MOVT        R6
    000001F8 0B37                   MUL.L       R3,R11
    000001FA 65B3                   MOV         R11,R5
    000001FC 031A                   STS         MACL,R3
    000001FE 339C                   ADD         R9,R3
    00000200 2F36                   MOV.L       R3,@-R15
    00000202 35C8                   SUB         R12,R5
    00000204 2F26                   MOV.L       R2,@-R15
    00000206 4508                   SHLL2       R5
    00000208 D315                   MOV.L       L646+34,R3 ; _PrintfXY




SH SERIES C/C++ Compiler (Ver. 6.0C)                                                                 03-Apr-2015 21:45:50  PAGE    6


SCT OFFSET   CODE       C LABEL     INSTRUCTION OPERAND    COMMENT

    0000020A 4500                   SHLL        R5
    0000020C 7516                   ADD         #22,R5
    0000020E 430B                   JSR         @R3
    00000210 E414                   MOV         #20,R4
    00000212 7B01                   ADD         #1,R11
    00000214 3BD7                   CMP/GT      R13,R11
    00000216 8FEB                   BF/S        L614
    00000218 7F08                   ADD         #8,R15
    0000021A              L613:                             
    0000021A 4C15                   CMP/PL      R12
    0000021C 8F03                   BF/S        L615
    0000021E E700                   MOV         #0,R7
    00000220 D610                   MOV.L       L646+38,R6 ; L537
    00000222 A001                   BRA         L616
    00000224 0009                   NOP
    00000226              L615:                             
    00000226 D610                   MOV.L       L646+42,R6 ; L538
    00000228              L616:                             
    00000228 D210                   MOV.L       L646+46,R2 ; _PrintXY
    0000022A E516                   MOV         #22,R5
    0000022C 420B                   JSR         @R2
    0000022E E464                   MOV         #100,R4
    00000230 63F2                   MOV.L       @R15,R3
    00000232 3D33                   CMP/GE      R3,R13
    00000234 8D1E                   BT/S        L617
    00000236 E700                   MOV         #0,R7
    00000238 D60D                   MOV.L       L646+50,R6 ; L539
    0000023A A01C                   BRA         L618
    0000023C 0009                   NOP
    0000023E              L646:                             
    0000023E 00F0                   .DATA.W     H'00F0
    00000240 <00000000>             .DATA.L     _strncpy
    00000244 <00000004>             .DATA.L     H'00000004+_setup_data
    00000248 <00000000>             .DATA.L     __slow_strcmp1
    0000024C <00000000>             .DATA.L     _Bfile_FindClose
    00000250 <00000000>             .DATA.L     _Bdisp_AllClr_VRAM
    00000254 <00000000>             .DATA.L     L532
    00000258 <00000000>             .DATA.L     _DispStr
    0000025C <00000000>             .DATA.L     L536
    00000260 <00000000>             .DATA.L     _PrintfXY
    00000264 <00000000>             .DATA.L     L537
    00000268 <00000000>             .DATA.L     L538
    0000026C <00000000>             .DATA.L     _PrintXY
    00000270 <00000000>             .DATA.L     L539
    00000274              L617:                             
    00000274 D641                   MOV.L       L647+12,R6 ; L538
    00000276              L618:                             
    00000276 E52E                   MOV         #46,R5
    00000278 D241                   MOV.L       L647+16,R2 ; _PrintXY
    0000027A 420B                   JSR         @R2
    0000027C E464                   MOV         #100,R4
    0000027E EB00                   MOV         #0,R11
    00000280              L607:                             
    00000280 D340                   MOV.L       L647+20,R3 ; _GetKey
    00000282 64F3                   MOV         R15,R4
    00000284 430B                   JSR         @R3
    00000286 7404                   ADD         #4,R4




SH SERIES C/C++ Compiler (Ver. 6.0C)                                                                 03-Apr-2015 21:45:50  PAGE    7


SCT OFFSET   CODE       C LABEL     INSTRUCTION OPERAND    COMMENT

    00000288 9272                   MOV.W       L647,R2    ; H'7542
    0000028A 53F1                   MOV.L       @(4,R15),R3
    0000028C 3320                   CMP/EQ      R2,R3
    0000028E 8B04                   BF          L619
    00000290 7EFF                   ADD         #-1,R14
    00000292 4E11                   CMP/PZ      R14
    00000294 8D01                   BT/S        L620
    00000296 6B83                   MOV         R8,R11
    00000298 6EF2                   MOV.L       @R15,R14
    0000029A              L620:                             
    0000029A              L619:                             
    0000029A 936A                   MOV.W       L647+2,R3  ; H'7547
    0000029C 52F1                   MOV.L       @(4,R15),R2
    0000029E 3230                   CMP/EQ      R3,R2
    000002A0 8B05                   BF          L621
    000002A2 7E01                   ADD         #1,R14
    000002A4 62F2                   MOV.L       @R15,R2
    000002A6 3E27                   CMP/GT      R2,R14
    000002A8 8F01                   BF/S        L622
    000002AA 6B83                   MOV         R8,R11
    000002AC 6EA3                   MOV         R10,R14
    000002AE              L622:                             
    000002AE              L621:                             
    000002AE 9361                   MOV.W       L647+4,R3  ; H'7534
    000002B0 52F1                   MOV.L       @(4,R15),R2
    000002B2 3230                   CMP/EQ      R3,R2
    000002B4 8B0C                   BF          L623
    000002B6 E20D                   MOV         #13,R2
    000002B8 0E27                   MUL.L       R2,R14
    000002BA 021A                   STS         MACL,R2
    000002BC 329C                   ADD         R9,R2
    000002BE 6123                   MOV         R2,R1
    000002C0 D231                   MOV.L       L647+24,R2 ; __slow_strcpy
    000002C2 420B                   JSR         @R2
    000002C4 50F4                   MOV.L       @(16,R15),R0
    000002C6 D231                   MOV.L       L647+28,R2 ; _free
    000002C8 420B                   JSR         @R2
    000002CA 6493                   MOV         R9,R4
    000002CC A00C                   BRA         L624
    000002CE E001                   MOV         #1,R0
    000002D0              L623:                             
    000002D0 9351                   MOV.W       L647+6,R3  ; H'7532
    000002D2 52F1                   MOV.L       @(4,R15),R2
    000002D4 3230                   CMP/EQ      R3,R2
    000002D6 8901                   BT          L648
    000002D8 AF65                   BRA         L606
    000002DA 0009                   NOP
    000002DC              L648:                             
    000002DC D22B                   MOV.L       L647+28,R2 ; _free
    000002DE 420B                   JSR         @R2
    000002E0 6493                   MOV         R9,R4
    000002E2 A001                   BRA         L624
    000002E4 E000                   MOV         #0,R0
    000002E6              L595:                             
    000002E6 E0FF                   MOV         #-1,R0
    000002E8              L624:                             
    000002E8 9146                   MOV.W       L647+8,R1  ; H'0124




SH SERIES C/C++ Compiler (Ver. 6.0C)                                                                 03-Apr-2015 21:45:50  PAGE    8


SCT OFFSET   CODE       C LABEL     INSTRUCTION OPERAND    COMMENT

    000002EA 3F1C                   ADD         R1,R15
    000002EC 4F16                   LDS.L       @R15+,MACL
    000002EE 4F26                   LDS.L       @R15+,PR
    000002F0 68F6                   MOV.L       @R15+,R8
    000002F2 69F6                   MOV.L       @R15+,R9
    000002F4 6AF6                   MOV.L       @R15+,R10
    000002F6 6BF6                   MOV.L       @R15+,R11
    000002F8 6CF6                   MOV.L       @R15+,R12
    000002FA 6DF6                   MOV.L       @R15+,R13
    000002FC 000B                   RTS
    000002FE 6EF6                   MOV.L       @R15+,R14
    00000300              _TestSRDFile:                    ; function: TestSRDFile
                                                           ; frame size=104
    00000300 4F22                   STS.L       PR,@-R15
    00000302 7FA4                   ADD         #-92,R15
    00000304 D322                   MOV.L       L647+32,R3 ; L549
    00000306 2F46                   MOV.L       R4,@-R15
    00000308 2F36                   MOV.L       R3,@-R15
    0000030A 64F3                   MOV         R15,R4
    0000030C D221                   MOV.L       L647+36,R2 ; _sprintf
    0000030E 420B                   JSR         @R2
    00000310 7408                   ADD         #8,R4
    00000312 7F08                   ADD         #8,R15
    00000314 65F3                   MOV         R15,R5
    00000316 7520                   ADD         #32,R5
    00000318 BE72                   BSR         _CharToFonts
    0000031A 64F3                   MOV         R15,R4
    0000031C D21E                   MOV.L       L647+40,R2 ; _Bfile_OpenFile
    0000031E E501                   MOV         #1,R5
    00000320 64F3                   MOV         R15,R4
    00000322 420B                   JSR         @R2
    00000324 7420                   ADD         #32,R4
    00000326 6403                   MOV         R0,R4

    00000328 4411                   CMP/PZ      R4
    0000032A 8903                   BT          L627
    0000032C 7F5C                   ADD         #92,R15
    0000032E 4F26                   LDS.L       @R15+,PR
    00000330 000B                   RTS
    00000332 E000                   MOV         #0,R0
    00000334              L627:                             
    00000334 D319                   MOV.L       L647+44,R3 ; _Bfile_CloseFile
    00000336 430B                   JSR         @R3
    00000338 0009                   NOP
    0000033A E001                   MOV         #1,R0
    0000033C              L628:                             
    0000033C 7F5C                   ADD         #92,R15
    0000033E 4F26                   LDS.L       @R15+,PR
    00000340 000B                   RTS
    00000342 0009                   NOP
    00000344              _DelSRDFile:                     ; function: DelSRDFile
                                                           ; frame size=104
    00000344 4F22                   STS.L       PR,@-R15
    00000346 7FA4                   ADD         #-92,R15
    00000348 D311                   MOV.L       L647+32,R3 ; L549
    0000034A 2F46                   MOV.L       R4,@-R15
    0000034C 2F36                   MOV.L       R3,@-R15
    0000034E 64F3                   MOV         R15,R4




SH SERIES C/C++ Compiler (Ver. 6.0C)                                                                 03-Apr-2015 21:45:50  PAGE    9


SCT OFFSET   CODE       C LABEL     INSTRUCTION OPERAND    COMMENT

    00000350 D210                   MOV.L       L647+36,R2 ; _sprintf
    00000352 420B                   JSR         @R2
    00000354 7408                   ADD         #8,R4
    00000356 65F3                   MOV         R15,R5
    00000358 7528                   ADD         #40,R5
    0000035A 64F3                   MOV         R15,R4
    0000035C BE50                   BSR         _CharToFonts
    0000035E 7408                   ADD         #8,R4
    00000360 D20F                   MOV.L       L647+48,R2 ; _Bfile_DeleteFile
    00000362 64F3                   MOV         R15,R4
    00000364 420B                   JSR         @R2
    00000366 7428                   ADD         #40,R4
    00000368 7F64                   ADD         #100,R15
    0000036A 4F26                   LDS.L       @R15+,PR
    0000036C 000B                   RTS
    0000036E E000                   MOV         #0,R0
    00000370              L647:                             
    00000370 7542                   .DATA.W     H'7542
    00000372 7547                   .DATA.W     H'7547
    00000374 7534                   .DATA.W     H'7534
    00000376 7532                   .DATA.W     H'7532
    00000378 0124                   .DATA.W     H'0124
    0000037A 0000                   .DATA.W     0
    0000037C <00000000>             .DATA.L     L538
    00000380 <00000000>             .DATA.L     _PrintXY
    00000384 <00000000>             .DATA.L     _GetKey
    00000388 <00000000>             .DATA.L     __slow_strcpy
    0000038C <00000000>             .DATA.L     _free
    00000390 <00000000>             .DATA.L     L549
    00000394 <00000000>             .DATA.L     _sprintf
    00000398 <00000000>             .DATA.L     _Bfile_OpenFile
    0000039C <00000000>             .DATA.L     _Bfile_CloseFile
    000003A0 <00000000>             .DATA.L     _Bfile_DeleteFile

    000003A4              _SaveSRDFile:                    ; function: SaveSRDFile
                                                           ; frame size=116
    000003A4 2FE6                   MOV.L       R14,@-R15
    000003A6 2FD6                   MOV.L       R13,@-R15
    000003A8 4F22                   STS.L       PR,@-R15
    000003AA 4F12                   STS.L       MACL,@-R15
    000003AC D36D                   MOV.L       L649+2,R3  ; L549
    000003AE 7FA4                   ADD         #-92,R15
    000003B0 D26D                   MOV.L       L649+6,R2  ; _sprintf
    000003B2 2F46                   MOV.L       R4,@-R15
    000003B4 2F36                   MOV.L       R3,@-R15
    000003B6 64F3                   MOV         R15,R4
    000003B8 420B                   JSR         @R2
    000003BA 7408                   ADD         #8,R4
    000003BC 6EF3                   MOV         R15,R14
    000003BE 7E28                   ADD         #40,R14
    000003C0 65E3                   MOV         R14,R5
    000003C2 64F3                   MOV         R15,R4
    000003C4 BE1C                   BSR         _CharToFonts
    000003C6 7408                   ADD         #8,R4
    000003C8 D268                   MOV.L       L649+10,R2 ; _Bfile_DeleteFile
    000003CA 420B                   JSR         @R2
    000003CC 64E3                   MOV         R14,R4
    000003CE E34C                   MOV         #76,R3




SH SERIES C/C++ Compiler (Ver. 6.0C)                                                                 03-Apr-2015 21:45:50  PAGE   10


SCT OFFSET   CODE       C LABEL     INSTRUCTION OPERAND    COMMENT

    000003D0 DD67                   MOV.L       L649+14,R13; _route
    000003D2 52D9                   MOV.L       @(36,R13),R2
    000003D4 0237                   MUL.L       R3,R2
    000003D6 051A                   STS         MACL,R5
    000003D8 D266                   MOV.L       L649+18,R2 ; _Bfile_CreateFile
    000003DA 7528                   ADD         #40,R5
    000003DC 420B                   JSR         @R2
    000003DE 64E3                   MOV         R14,R4
    000003E0 D365                   MOV.L       L649+22,R3 ; _Bfile_OpenFile
    000003E2 E502                   MOV         #2,R5
    000003E4 430B                   JSR         @R3
    000003E6 64E3                   MOV         R14,R4
    000003E8 D264                   MOV.L       L649+26,R2 ; _Bfile_SeekFile
    000003EA 6E03                   MOV         R0,R14
    000003EC E500                   MOV         #0,R5
    000003EE 420B                   JSR         @R2
    000003F0 6403                   MOV         R0,R4
    000003F2 E628                   MOV         #40,R6
    000003F4 D362                   MOV.L       L649+30,R3 ; _Bfile_WriteFile
    000003F6 65D3                   MOV         R13,R5
    000003F8 430B                   JSR         @R3
    000003FA 64E3                   MOV         R14,R4
       BinFile.c     2    #include "MyFont.h"


       BinFile.c     3    #include "Binrunmain.h"
       BinFile.c     4    
       BinFile.c     5    FONTCHARACTER * CharToFonts(const char *cFileName,FONTCHARACTER *fFileName);
       BinFile.c     6    char * FontToChars(const FONTCHARACTER *fFileName,char *cFileName);
       BinFile.c     7    
       BinFile.c     8    //////////////////////////////////////////////////////////////
       BinFile.c     9    //                                        Char <=> Font
       BinFile.c    10    ///////////////////////////////////////////////////////////////
       BinFile.c    11    FONTCHARACTER * CharToFonts(const char *cFileName,FONTCHARACTER *fFileName)
       BinFile.c    12    {
       BinFile.c    13            int i,len = strlen(cFileName);
       BinFile.c    14            for(i=0; i<len ;++i)
       BinFile.c    15                    fFileName[i] = cFileName[i];
       BinFile.c    16            fFileName[i]=0;
       BinFile.c    17            return fFileName;
       BinFile.c    18    }
       BinFile.c    19    char * FontToChars(const FONTCHARACTER *fFileName,char *cFileName)
       BinFile.c    20    {
       BinFile.c    21            int i = 0;
       BinFile.c    22            while((cFileName[i]=fFileName[i])!=0)++i;
       BinFile.c    23            return cFileName;
       BinFile.c    24    }
       BinFile.c    25    
       BinFile.c    26    ///////////////////////////////////////////////////////////////
       BinFile.c    27    //                                              File Directory
       BinFile.c    28    ///////////////////////////////////////////////////////////////
       BinFile.c    29    int CreateDirectorys()
       BinFile.c    30    {
       BinFile.c    31            FONTCHARACTER f_path_name[20];
       BinFile.c    32            Bfile_CreateDirectory(CharToFonts("\\\\crd0\\SRD",f_path_name));
       BinFile.c    33    }
       BinFile.c    34    
       BinFile.c    35    char szSrdDir[]="\\\\crd0\\SRD";
       BinFile.c    36    //char szSrdDir[]="\\\\fls0\\SRD";




SH SERIES C/C++ Compiler (Ver. 6.0C)                                                                 03-Apr-2015 21:45:50  PAGE   11


SCT OFFSET   CODE       C LABEL     INSTRUCTION OPERAND    COMMENT

       BinFile.c    37    
       BinFile.c    38    ///////////////////////////////////////////////////////////////
       BinFile.c    39    //                                                      File List
       BinFile.c    40    ///////////////////////////////////////////////////////////////
       BinFile.c    41    int SelectFiles (char * file_name)
       BinFile.c    42    // -1 no file , 1 complate ,0 cancel
       BinFile.c    43    {
       BinFile.c    44            int key;
       BinFile.c    45            char str[50]; //◊÷∑˚ ˝◊È≥§∂»œ¬±Í¥”0ø™ º£¨π≤50∏ˆ‘™Àÿ
       BinFile.c    46            FONTCHARACTER find_path[50];   //ªÒµ√¬∑æ∂
       BinFile.c    47            FONTCHARACTER find_name[50];   //ªÒµ√√˚◊÷
       BinFile.c    48            int find_h;
       BinFile.c    49            int size = 0;
       BinFile.c    50            int top = 0;
       BinFile.c    51            int buttom = 0;
       BinFile.c    52            int index,r,y;
       BinFile.c    53            char *files;
       BinFile.c    54            FILE_INFO file_info;
       BinFile.c    55    //      CharToFont("\\\\fls0\\SRD\\*.srd",find_path);
       BinFile.c    56            sprintf(str,"%s\\*.srd",szSrdDir);
       BinFile.c    57            CharToFonts(str,find_path);
       BinFile.c    58            if(Bfile_FindFirst (find_path,&find_h,find_name,&file_info)==0)  //∫Ø ˝À—À˜ƒø¬º÷–Œƒº˛µƒ√˚≥∆∑˚∫œ÷∏∂
                         +®µƒŒƒº˛√˚
Õ «Œ™
                         +’Ê£¨º¥true£ªµ±÷µŒ™0 ±Œ™ºŸ£¨º¥false£ª
       BinFile.c    62                    size ++;  // π”√size÷Æ∫Û‘Ÿº”“ª£®œ»º∆À„‘Ÿ≤Ÿ◊˜£©
       BinFile.c    63                    while(Bfile_FindNext(find_h,find_name,&file_info)==0) //Bfile_FindNext ∫Ø ˝ π”√À—À˜¥¶¿Ì∂®Œ
                         +ª∆•≈‰“ª∏ˆ∏¯∂®√˚≥∆µƒŒƒº˛√˚≥∆°£
       BinFile.c    64                    size++;
       BinFile.c    65                    Bfile_FindClose(find_h);  //Bfile_FindClose πÿ±’À—À˜÷∏∂®¥¶¿Ì∫Ø ˝

       BinFile.c    71                                    ret=Bfile_FindFirst (find_path,&find_h,find_name,&file_info);
       BinFile.c    72                            else 
       BinFile.c    73                                    ret=Bfile_FindNext(find_h,find_name,&file_info);
       BinFile.c    74                            if(ret!=0)  //if 
       BinFile.c    75                                    break;
       BinFile.c    76                            strncpy((files+13*i),FontToChars(find_name,str),13);
       BinFile.c    77                            if(strcmp((files+13*i),setup_data.route_name)==0) //Œƒº˛—°÷–∫Û£¨œ÷‘⁄º«“‰Œª÷√
       BinFile.c    78                            index=i; 
       BinFile.c    79                            i++;
       BinFile.c    80                            bFindFirst=FALSE;  //¡Ó÷µŒ™ºŸ º¥=0
       BinFile.c    81                    }
       BinFile.c    82                    Bfile_FindClose(find_h);  //Bfile_FindClose πÿ±’À—À˜÷∏∂®¥¶¿Ì∫Ø ˝
} ;
       BinFile.c   231    static FONTCHARACTER IniSRDFile[] = { '\\','\\','c','r','d','0','\\','s','r','d','.','i','n','i' ,'\0'} ;
       BinFile.c   232    
       BinFile.c   233    
       BinFile.c   234    void SaveIniSRDFile()
       BinFile.c   235    {
       BinFile.c   236            int ptr = -1;
       BinFile.c   237            int ln;
       BinFile.c   238            Bfile_DeleteFile(IniSRDFile);
       BinFile.c   239            ln=strlen(setup_data.route_name);
       BinFile.c   240            if(ln==0)
       BinFile.c   241                    return;
       BinFile.c   242            if (Bfile_CreateFile(IniSRDFile, ln) < 0) //Error("¥¥Ω®Œƒº˛ ß∞‹") ;
       BinFile.c   243                    return;
       BinFile.c   244            //      else Error("¥¥Ω®Œƒº˛OK") ;
       BinFile.c   245            ptr = Bfile_OpenFile(IniSRDFile, _OPENMODE_WRITE) ;  // Bfile_OpenFile : ¥Úø™“ª∏ˆœ÷”–µƒŒƒº˛°£
       BinFile.c   246            if (ptr >= 0) {




SH SERIES C/C++ Compiler (Ver. 6.0C)                                                                 03-Apr-2015 21:45:50  PAGE   12


SCT OFFSET   CODE       C LABEL     INSTRUCTION OPERAND    COMMENT

       BinFile.c   247                    Bfile_WriteFile(ptr, setup_data.route_name, ln) ;
       BinFile.c   248                    Bfile_CloseFile(ptr) ;
       BinFile.c   249            }
       BinFile.c   250    }
       BinFile.c   251    
       BinFile.c   252    int LoadLastDataSRDFile()
       BinFile.c   253    {
       BinFile.c   254            char strFileName[50]; 
       BinFile.c   255            int reg_ptr = -1;
       BinFile.c   256            int ln;
       BinFile.c   257            if(setup_data.route_name[0]==0)
       BinFile.c   258            {
       BinFile.c   259                    reg_ptr = Bfile_OpenFile(IniSRDFile, _OPENMODE_READ) ;
       BinFile.c   260                    if (reg_ptr >= 0) {
       BinFile.c   261                            ln=Bfile_GetFileSize(reg_ptr);
       BinFile.c   262                            if(ln>0)
       BinFile.c   263                            {   
       BinFile.c   264                                    if(ln>=sizeof(setup_data.route_name)-1)
       BinFile.c   265                                            ln=sizeof(setup_data.route_name)-1;
       BinFile.c   266                                    Bfile_ReadFile(reg_ptr, setup_data.route_name,ln,0) ;
       BinFile.c   267                                    setup_data.route_name[ln]=0;
       BinFile.c   268                            }
       BinFile.c   269                            Bfile_CloseFile(reg_ptr) ;
       BinFile.c   270                            //PopUpWin(1);
       BinFile.c   271                    //locate(7,4);Print(setup_data.route_name);
       BinFile.c   272                    //GetKey(&key);
       BinFile.c   273                            //sprintf(strFileName,"\\\\crd0\\SRD\\%s",setup_data.route_name);
       BinFile.c   274                            LoadSRDFile(setup_data.route_name);
       BinFile.c   275                            return 1;
       BinFile.c   276                    }               
       BinFile.c   277            }
       BinFile.c   278            return 0;
       BinFile.c   279    }
    000003FC D25F                   MOV.L       L649+26,R2 ; _Bfile_SeekFile
    000003FE E528                   MOV         #40,R5
    00000400 420B                   JSR         @R2
    00000402 64E3                   MOV         R14,R4
    00000404 52D9                   MOV.L       @(36,R13),R2
    00000406 E34C                   MOV         #76,R3
    00000408 55D8                   MOV.L       @(32,R13),R5
    0000040A 0237                   MUL.L       R3,R2
    0000040C D15C                   MOV.L       L649+30,R1 ; _Bfile_WriteFile
    0000040E 061A                   STS         MACL,R6
    00000410 410B                   JSR         @R1
    00000412 64E3                   MOV         R14,R4
    00000414 D35B                   MOV.L       L649+34,R3 ; _Bfile_CloseFile
    00000416 430B                   JSR         @R3
    00000418 64E3                   MOV         R14,R4
    0000041A E000                   MOV         #0,R0
    0000041C 7F64                   ADD         #100,R15
    0000041E 4F16                   LDS.L       @R15+,MACL
    00000420 4F26                   LDS.L       @R15+,PR
    00000422 6DF6                   MOV.L       @R15+,R13
    00000424 000B                   RTS
    00000426 6EF6                   MOV.L       @R15+,R14
    00000428              _LoadSRDFile:                    ; function: LoadSRDFile
                                                           ; frame size=116




SH SERIES C/C++ Compiler (Ver. 6.0C)                                                                 03-Apr-2015 21:45:50  PAGE   13


SCT OFFSET   CODE       C LABEL     INSTRUCTION OPERAND    COMMENT

    00000428 2FE6                   MOV.L       R14,@-R15
    0000042A 2FD6                   MOV.L       R13,@-R15
    0000042C 4F22                   STS.L       PR,@-R15
    0000042E 4F12                   STS.L       MACL,@-R15
    00000430 D34C                   MOV.L       L649+2,R3  ; L549
    00000432 7FA4                   ADD         #-92,R15
    00000434 D24C                   MOV.L       L649+6,R2  ; _sprintf
    00000436 2F46                   MOV.L       R4,@-R15
    00000438 2F36                   MOV.L       R3,@-R15
    0000043A 64F3                   MOV         R15,R4
    0000043C 420B                   JSR         @R2
    0000043E 7408                   ADD         #8,R4
    00000440 7F08                   ADD         #8,R15
    00000442 65F3                   MOV         R15,R5
    00000444 7520                   ADD         #32,R5
    00000446 BDDB                   BSR         _CharToFonts
    00000448 64F3                   MOV         R15,R4
    0000044A E501                   MOV         #1,R5
    0000044C D24A                   MOV.L       L649+22,R2 ; _Bfile_OpenFile
    0000044E 64F3                   MOV         R15,R4
    00000450 420B                   JSR         @R2
    00000452 7420                   ADD         #32,R4
    00000454 6E03                   MOV         R0,R14
    00000456 4E11                   CMP/PZ      R14
    00000458 8B1D                   BF          L632
    0000045A D445                   MOV.L       L649+14,R4 ; _route
    0000045C D24A                   MOV.L       L649+38,R2 ; _route_clr
    0000045E 420B                   JSR         @R2
    00000460 0009                   NOP
    00000462 E700                   MOV         #0,R7
    00000464 D542                   MOV.L       L649+14,R5 ; _route
    00000466 E628                   MOV         #40,R6
    00000468 D348                   MOV.L       L649+42,R3 ; _Bfile_ReadFile
    0000046A 430B                   JSR         @R3
    0000046C 64E3                   MOV         R14,R4
    0000046E E54C                   MOV         #76,R5
    00000470 D247                   MOV.L       L649+46,R2 ; _calloc
    00000472 DD3F                   MOV.L       L649+14,R13; _route
    00000474 420B                   JSR         @R2
    00000476 54D9                   MOV.L       @(36,R13),R4
    00000478 1D08                   MOV.L       R0,@(32,R13)
    0000047A E728                   MOV         #40,R7
    0000047C D143                   MOV.L       L649+42,R1 ; _Bfile_ReadFile
    0000047E E34C                   MOV         #76,R3
    00000480 52D9                   MOV.L       @(36,R13),R2
    00000482 6503                   MOV         R0,R5
    00000484 0237                   MUL.L       R3,R2
    00000486 061A                   STS         MACL,R6
    00000488 410B                   JSR         @R1
    0000048A 64E3                   MOV         R14,R4
    0000048C D33D                   MOV.L       L649+34,R3 ; _Bfile_CloseFile
    0000048E 430B                   JSR         @R3
    00000490 64E3                   MOV         R14,R4
    00000492 A001                   BRA         L633
    00000494 E001                   MOV         #1,R0
    00000496              L632:                             
    00000496 E000                   MOV         #0,R0




SH SERIES C/C++ Compiler (Ver. 6.0C)                                                                 03-Apr-2015 21:45:50  PAGE   14


SCT OFFSET   CODE       C LABEL     INSTRUCTION OPERAND    COMMENT

    00000498              L633:                             
    00000498 7F5C                   ADD         #92,R15
    0000049A 4F16                   LDS.L       @R15+,MACL
    0000049C 4F26                   LDS.L       @R15+,PR
    0000049E 6DF6                   MOV.L       @R15+,R13
    000004A0 000B                   RTS
    000004A2 6EF6                   MOV.L       @R15+,R14
    000004A4              _SaveIniSRDFile:                 ; function: SaveIniSRDFile
                                                           ; frame size=12
    000004A4 2FE6                   MOV.L       R14,@-R15
    000004A6 2FD6                   MOV.L       R13,@-R15
    000004A8 4F22                   STS.L       PR,@-R15
    000004AA DD3A                   MOV.L       L649+50,R13; __$IniSRDFile
    000004AC D32F                   MOV.L       L649+10,R3 ; _Bfile_DeleteFile
    000004AE 430B                   JSR         @R3
    000004B0 64D3                   MOV         R13,R4
    000004B2 D439                   MOV.L       L649+54,R4 ; H'00000004+_setup_data
    000004B4 D239                   MOV.L       L649+58,R2 ; _strlen
    000004B6 420B                   JSR         @R2
    000004B8 0009                   NOP
    000004BA 6E03                   MOV         R0,R14
    000004BC 2EE8                   TST         R14,R14
    000004BE 8917                   BT          L635
    000004C0 D22C                   MOV.L       L649+18,R2 ; _Bfile_CreateFile
    000004C2 65E3                   MOV         R14,R5
    000004C4 420B                   JSR         @R2
    000004C6 64D3                   MOV         R13,R4
    000004C8 4011                   CMP/PZ      R0
    000004CA 8B11                   BF          L635
    000004CC D22A                   MOV.L       L649+22,R2 ; _Bfile_OpenFile
    000004CE E502                   MOV         #2,R5
    000004D0 420B                   JSR         @R2
    000004D2 64D3                   MOV         R13,R4
    000004D4 6D03                   MOV         R0,R13
    000004D6 4D11                   CMP/PZ      R13
    000004D8 8B0A                   BF          L635
    000004DA 66E3                   MOV         R14,R6
    000004DC D52E                   MOV.L       L649+54,R5 ; H'00000004+_setup_data
    000004DE D228                   MOV.L       L649+30,R2 ; _Bfile_WriteFile
    000004E0 420B                   JSR         @R2
    000004E2 64D3                   MOV         R13,R4
    000004E4 4F26                   LDS.L       @R15+,PR
    000004E6 64D3                   MOV         R13,R4
    000004E8 D326                   MOV.L       L649+34,R3 ; _Bfile_CloseFile
    000004EA 6DF6                   MOV.L       @R15+,R13
    000004EC 432B                   JMP         @R3
    000004EE 6EF6                   MOV.L       @R15+,R14
    000004F0              L635:                             
    000004F0 4F26                   LDS.L       @R15+,PR
    000004F2 6DF6                   MOV.L       @R15+,R13
    000004F4 000B                   RTS
    000004F6 6EF6                   MOV.L       @R15+,R14
    000004F8              _LoadLastDataSRDFile:            ; function: LoadLastDataSRDFile
                                                           ; frame size=68
    000004F8 2FE6                   MOV.L       R14,@-R15
    000004FA 2FD6                   MOV.L       R13,@-R15
    000004FC 2FC6                   MOV.L       R12,@-R15




SH SERIES C/C++ Compiler (Ver. 6.0C)                                                                 03-Apr-2015 21:45:50  PAGE   15


SCT OFFSET   CODE       C LABEL     INSTRUCTION OPERAND    COMMENT

    000004FE 4F22                   STS.L       PR,@-R15
    00000500 DC27                   MOV.L       L649+62,R12; _setup_data
    00000502 7FCC                   ADD         #-52,R15
    00000504 84C4                   MOV.B       @(4,R12),R0
    00000506 2008                   TST         R0,R0
    00000508 8B24                   BF          L638
    0000050A D422                   MOV.L       L649+50,R4 ; __$IniSRDFile
    0000050C D21A                   MOV.L       L649+22,R2 ; _Bfile_OpenFile
    0000050E 420B                   JSR         @R2
    00000510 E501                   MOV         #1,R5
    00000512 6D03                   MOV         R0,R13
    00000514 4D11                   CMP/PZ      R13
    00000516 8B1D                   BF          L638
    00000518 D222                   MOV.L       L649+66,R2 ; _Bfile_GetFileSize
    0000051A 420B                   JSR         @R2
    0000051C 64D3                   MOV         R13,R4
    0000051E 6E03                   MOV         R0,R14
    00000520 4E15                   CMP/PL      R14
    00000522 8B0F                   BF          L640
    00000524 E40C                   MOV         #12,R4
    00000526 3E42                   CMP/HS      R4,R14
    00000528 8F01                   BF/S        L641
    0000052A E700                   MOV         #0,R7
    0000052C 6E43                   MOV         R4,R14
    0000052E              L641:                             
    0000052E 66E3                   MOV         R14,R6
    00000530 D316                   MOV.L       L649+42,R3 ; _Bfile_ReadFile
    00000532 65C3                   MOV         R12,R5
    00000534 7504                   ADD         #4,R5
    00000536 430B                   JSR         @R3
    00000538 64D3                   MOV         R13,R4
    0000053A 62C3                   MOV         R12,R2
    0000053C 7204                   ADD         #4,R2
    0000053E 3E2C                   ADD         R2,R14
    00000540 E300                   MOV         #0,R3
    00000542 2E30                   MOV.B       R3,@R14
    00000544              L640:                             
    00000544 D20F                   MOV.L       L649+34,R2 ; _Bfile_CloseFile
    00000546 420B                   JSR         @R2
    00000548 64D3                   MOV         R13,R4
    0000054A 64C3                   MOV         R12,R4
    0000054C BF6C                   BSR         _LoadSRDFile
    0000054E 7404                   ADD         #4,R4
    00000550 A001                   BRA         L642
    00000552 E001                   MOV         #1,R0
    00000554              L638:                             
    00000554 E000                   MOV         #0,R0
    00000556              L642:                             
    00000556 7F34                   ADD         #52,R15
    00000558 4F26                   LDS.L       @R15+,PR
    0000055A 6CF6                   MOV.L       @R15+,R12
    0000055C 6DF6                   MOV.L       @R15+,R13
    0000055E 000B                   RTS
    00000560 6EF6                   MOV.L       @R15+,R14
    00000562              L649:                             
    00000562 0000                   .DATA.W     0
    00000564 <00000000>             .DATA.L     L549




SH SERIES C/C++ Compiler (Ver. 6.0C)                                                                 03-Apr-2015 21:45:50  PAGE   16


SCT OFFSET   CODE       C LABEL     INSTRUCTION OPERAND    COMMENT

    00000568 <00000000>             .DATA.L     _sprintf
    0000056C <00000000>             .DATA.L     _Bfile_DeleteFile
    00000570 <00000000>             .DATA.L     _route
    00000574 <00000000>             .DATA.L     _Bfile_CreateFile
    00000578 <00000000>             .DATA.L     _Bfile_OpenFile
    0000057C <00000000>             .DATA.L     _Bfile_SeekFile
    00000580 <00000000>             .DATA.L     _Bfile_WriteFile
    00000584 <00000000>             .DATA.L     _Bfile_CloseFile
    00000588 <00000000>             .DATA.L     _route_clr
    0000058C <00000000>             .DATA.L     _Bfile_ReadFile
    00000590 <00000000>             .DATA.L     _calloc
    00000594 <00000000>             .DATA.L     __$IniSRDFile
    00000598 <00000004>             .DATA.L     H'00000004+_setup_data
    0000059C <00000000>             .DATA.L     _strlen
    000005A0 <00000000>             .DATA.L     _setup_data
    000005A4 <00000000>             .DATA.L     _Bfile_GetFileSize
C   00000000              L507:
    00000000 5C5C637264             .SDATA      "\\crd0\SRD"
             305C535244   
    0000000A 00                     .DATA.B     H'00
    0000000B 00000001               .RES.B      1
    0000000C              L524:
    0000000C 25735C2A2E             .SDATA      "%s\*.srd"
             737264       
    00000014 00                     .DATA.B     H'00
    00000015 00000001               .RES.B      1
    00000016 00000002               .RES.W      1
    00000018              L532:
    00000018 CFDFC2B7CE             .DATA.B     H'CF,H'DF,H'C2,H'B7,H'CE,H'C4,H'BC,H'FE
             C4BCFE       
    00000020 3A20                   .SDATA      ": "
    00000022 00                     .DATA.B     H'00
    00000023 00000001               .RES.B      1
    00000024              L536:
    00000024 2531332E31             .SDATA      "%13.13s"
             3373         
    0000002B 00                     .DATA.B     H'00
    0000002C              L537:
    0000002C E69200                 .DATA.B     H'E6,H'92,H'00
    0000002F 00000001               .RES.B      1
    00000030              L538:
    00000030 20                     .SDATA      " "
    00000031 00                     .DATA.B     H'00
    00000032 00000002               .RES.W      1
    00000034              L539:
    00000034 E69300                 .DATA.B     H'E6,H'93,H'00
    00000037 00000001               .RES.B      1
    00000038              L549:
    00000038 5C5C637264             .SDATA      "\\crd0\SRD\%s"
             305C535244   
             5C2573       
    00000045 00                     .DATA.B     H'00
D   00000000              _szSrdDir:                       ; static: szSrdDir
    00000000 5C5C637264             .SDATA      "\\crd0\SRD"
             305C535244   
    0000000A 00                     .DATA.B     H'00
    0000000B 00000001               .RES.B      1




SH SERIES C/C++ Compiler (Ver. 6.0C)                                                                 03-Apr-2015 21:45:50  PAGE   17


SCT OFFSET   CODE       C LABEL     INSTRUCTION OPERAND    COMMENT

    0000000C              __$IniSRDFile:                   ; static: IniSRDFile
    0000000C 005C005C00             .DATA.W     H'005C,H'005C,H'0063,H'0072,H'0064,H'0030,H'005C,H'0073,H'0072,H'0064,H'002E,H'0069,
             6300720064 +                       H'006E,H'0069,H'0000
             0030005C00   
             7300720064   
             002E006900   
             6E00690000   






















































SH SERIES C/C++ Compiler (Ver. 6.0C)                                                                 03-Apr-2015 21:45:50  PAGE    1


******** STATISTICS INFORMATION ********


********** ERROR INFORMATION ***********

NUMBER OF ERRORS:           0
NUMBER OF WARNINGS:        18




******* SOURCE LINE INFORMATION ********

COMPILED SOURCE LINE:      279



******* SECTION SIZE INFORMATION *******

PROGRAM  SECTION (P):                               000005A8 Byte(s)
CONSTANT SECTION (C):                               00000046 Byte(s)
DATA     SECTION (D):                               0000002A Byte(s)
BSS      SECTION (B):                               00000000 Byte(s)

 TOTAL PROGRAM SIZE: 00000618 Byte(s)



********** LABEL INFORMATION ***********

NUMBER OF EXTERNAL REFERENCE SYMBOLS:           28
NUMBER OF EXTERNAL DEFINITION SYMBOLS:          11
NUMBER OF INTERNAL/EXTERNAL SYMBOLS:            93






























*** COMMAND PARAMETER ***


  -subcommand=C:\Users\ADMINI~1\AppData\Local\Temp\hmkFF27.tmp 

